Trading Bot Initializing...
Market Analysis: Ready
Trading Algorithms: Active
